
/scratch/xma12127/projects/forks/blueapi/src/blueapi/cli/cli.py
  /scratch/xma12127/projects/forks/blueapi/src/blueapi/cli/cli.py:155:26 - error: Argument of type "Unknown | BasicAuthentication | None" cannot be assigned to parameter "auth" of type "BasicAuthentication | None" in function "__init__" (reportArgumentType)
/scratch/xma12127/projects/forks/blueapi/src/blueapi/client/client.py
  /scratch/xma12127/projects/forks/blueapi/src/blueapi/client/client.py:48:26 - error: Argument of type "BasicAuthentication | None" cannot be assigned to parameter "auth" of type "BasicAuthentication | None" in function "__init__" (reportArgumentType)
/scratch/xma12127/projects/forks/blueapi/src/blueapi/core/context.py
  /scratch/xma12127/projects/forks/blueapi/src/blueapi/core/context.py:149:15 - error: Argument of type "tuple[type, FieldInfo]" cannot be assigned to parameter "__doc__" of type "str | None" in function "create_model"
    Type "tuple[type, FieldInfo]" is not assignable to type "str | None"
      "tuple[type, FieldInfo]" is not assignable to "str"
      "tuple[type, FieldInfo]" is not assignable to "None" (reportArgumentType)
  /scratch/xma12127/projects/forks/blueapi/src/blueapi/core/context.py:149:15 - error: Argument of type "tuple[type, FieldInfo]" cannot be assigned to parameter "__base__" of type "type[ModelT@create_model] | tuple[type[ModelT@create_model], ...]" in function "create_model"
    Type "tuple[type, FieldInfo]" is not assignable to type "type[ModelT@create_model] | tuple[type[ModelT@create_model], ...]"
      Type "tuple[type, FieldInfo]" is not assignable to type "type[ModelT@create_model]"
      "tuple[type, FieldInfo]" is not assignable to "tuple[type[ModelT@create_model], ...]"
        Tuple entry 1 is incorrect type
          Type "type | FieldInfo" is not assignable to type "type[ModelT@create_model]" (reportArgumentType)
  /scratch/xma12127/projects/forks/blueapi/src/blueapi/core/context.py:149:15 - error: Argument of type "tuple[type, FieldInfo]" cannot be assigned to parameter "__module__" of type "str" in function "create_model"
    "tuple[type, FieldInfo]" is not assignable to "str" (reportArgumentType)
  /scratch/xma12127/projects/forks/blueapi/src/blueapi/core/context.py:149:15 - error: Argument of type "tuple[type, FieldInfo]" cannot be assigned to parameter "__validators__" of type "dict[str, (...) -> Any] | None" in function "create_model"
    Type "tuple[type, FieldInfo]" is not assignable to type "dict[str, (...) -> Any] | None"
      "tuple[type, FieldInfo]" is not assignable to "dict[str, (...) -> Any]"
      "tuple[type, FieldInfo]" is not assignable to "None" (reportArgumentType)
  /scratch/xma12127/projects/forks/blueapi/src/blueapi/core/context.py:149:15 - error: Argument of type "tuple[type, FieldInfo]" cannot be assigned to parameter "__cls_kwargs__" of type "dict[str, Any] | None" in function "create_model"
    Type "tuple[type, FieldInfo]" is not assignable to type "dict[str, Any] | None"
      "tuple[type, FieldInfo]" is not assignable to "dict[str, Any]"
      "tuple[type, FieldInfo]" is not assignable to "None" (reportArgumentType)
  /scratch/xma12127/projects/forks/blueapi/src/blueapi/core/context.py:287:20 - error: Union requires two or more type arguments (reportInvalidTypeArguments)
  /scratch/xma12127/projects/forks/blueapi/src/blueapi/core/context.py:287:20 - error: Type "tuple[type, ...] | Any | type" is not assignable to return type "type"
    Type "tuple[type, ...] | Any | type" is not assignable to type "type"
      "UnionType" is not assignable to "type" (reportReturnType)
/scratch/xma12127/projects/forks/blueapi/src/blueapi/core/device_lookup.py
  /scratch/xma12127/projects/forks/blueapi/src/blueapi/core/device_lookup.py:9:50 - warning: TypeVar "D" appears only once in generic function signature
    Use "Device" instead (reportInvalidTypeVarUse)
/scratch/xma12127/projects/forks/blueapi/src/blueapi/service/interface.py
  /scratch/xma12127/projects/forks/blueapi/src/blueapi/service/interface.py:57:70 - error: Argument of type "BasicAuthentication | None" cannot be assigned to parameter "auth" of type "BasicAuthentication | None" in function "__init__" (reportArgumentType)
/scratch/xma12127/projects/forks/blueapi/src/blueapi/service/main.py
  /scratch/xma12127/projects/forks/blueapi/src/blueapi/service/main.py:165:44 - error: "plan_model" is possibly unbound (reportPossiblyUnboundVariable)
/scratch/xma12127/projects/forks/blueapi/src/blueapi/service/runner.py
  /scratch/xma12127/projects/forks/blueapi/src/blueapi/service/runner.py:144:20 - error: ParamSpec "P" has no meaning in this context (reportGeneralTypeIssues)
  /scratch/xma12127/projects/forks/blueapi/src/blueapi/service/runner.py:144:28 - error: Type "(...) -> Unknown" is not assignable to declared type "(**P) -> T@_rpc"
    Type "(...) -> Unknown" is not assignable to type "(**P) -> T@_rpc" (reportAssignmentType)
/scratch/xma12127/projects/forks/blueapi/src/blueapi/startup/example_plans.py
  /scratch/xma12127/projects/forks/blueapi/src/blueapi/startup/example_plans.py:11:28 - error: Expression of type "str" cannot be assigned to parameter of type "Movable"
    "str" is incompatible with protocol "Movable"
      "set" is not present (reportArgumentType)
  /scratch/xma12127/projects/forks/blueapi/src/blueapi/startup/example_plans.py:12:25 - error: Expression of type "str" cannot be assigned to parameter of type "Movable"
    "str" is incompatible with protocol "Movable"
      "set" is not present (reportArgumentType)
/scratch/xma12127/projects/forks/blueapi/src/blueapi/startup/simmotor.py
  /scratch/xma12127/projects/forks/blueapi/src/blueapi/startup/simmotor.py:30:19 - error: Argument of type "float" cannot be assigned to parameter "value" of type "int" in function "__init__"
    "float" is not assignable to "int" (reportArgumentType)
  /scratch/xma12127/projects/forks/blueapi/src/blueapi/startup/simmotor.py:31:19 - error: Argument of type "float" cannot be assigned to parameter "delay" of type "int" in function "__init__"
    "float" is not assignable to "int" (reportArgumentType)
  /scratch/xma12127/projects/forks/blueapi/src/blueapi/startup/simmotor.py:41:9 - error: Method "set" overrides class "SynAxis" in an incompatible manner
    Return type mismatch: base method returns type "MoveStatus", override returns type "None"
      "None" is not assignable to "MoveStatus" (reportIncompatibleMethodOverride)
  /scratch/xma12127/projects/forks/blueapi/src/blueapi/startup/simmotor.py:83:16 - error: Type "MoveStatus" is not assignable to return type "None"
    "MoveStatus" is not assignable to "None" (reportReturnType)
  /scratch/xma12127/projects/forks/blueapi/src/blueapi/startup/simmotor.py:93:9 - error: Method "set" overrides class "SynAxis" in an incompatible manner
    Return type mismatch: base method returns type "MoveStatus", override returns type "Status"
      "Status" is not assignable to "MoveStatus" (reportIncompatibleMethodOverride)
/scratch/xma12127/projects/forks/blueapi/src/blueapi/utils/__init__.py
  /scratch/xma12127/projects/forks/blueapi/src/blueapi/utils/__init__.py:10:5 - warning: "ConfigLoader" is specified in __all__ but is not present in module (reportUnsupportedDunderAll)
/scratch/xma12127/projects/forks/blueapi/src/blueapi/worker/__init__.py
  /scratch/xma12127/projects/forks/blueapi/src/blueapi/worker/__init__.py:9:5 - warning: "Worker" is specified in __all__ but is not present in module (reportUnsupportedDunderAll)
/scratch/xma12127/projects/forks/blueapi/src/blueapi/worker/task_worker.py
  /scratch/xma12127/projects/forks/blueapi/src/blueapi/worker/task_worker.py:98:54 - error: Argument of type "LoggingPropertyMachine | ProxyString | str" cannot be assigned to parameter "bluesky_state" of type "RawRunEngineState" in function "from_bluesky_state" (reportArgumentType)
  /scratch/xma12127/projects/forks/blueapi/src/blueapi/worker/task_worker.py:129:40 - error: Argument of type "str | None" cannot be assigned to parameter "reason" of type "str" in function "abort"
    Type "str | None" is not assignable to type "str"
      "None" is not assignable to "str" (reportArgumentType)
  /scratch/xma12127/projects/forks/blueapi/src/blueapi/worker/task_worker.py:194:44 - error: "sub" is possibly unbound (reportPossiblyUnboundVariable)
  /scratch/xma12127/projects/forks/blueapi/src/blueapi/worker/task_worker.py:232:30 - error: Cannot assign to attribute "state_hook" for class "RunEngine"
    Expression of type "(raw_new_state: RawRunEngineState, raw_old_state: RawRunEngineState | None = None) -> None" cannot be assigned to attribute "state_hook" of class "RunEngine"
      "function" is not assignable to "None" (reportAttributeAccessIssue)
  /scratch/xma12127/projects/forks/blueapi/src/blueapi/worker/task_worker.py:235:34 - error: Cannot assign to attribute "waiting_hook" for class "RunEngine"
    Expression of type "(statuses: Iterable[Status] | None) -> None" cannot be assigned to attribute "waiting_hook" of class "RunEngine"
      "function" is not assignable to "None" (reportAttributeAccessIssue)
/scratch/xma12127/projects/forks/blueapi/tests/conftest.py
  /scratch/xma12127/projects/forks/blueapi/tests/conftest.py:5:21 - error: "RunEngine" is not exported from module "bluesky"
    Import from "bluesky.run_engine" instead (reportPrivateImportUsage)
  /scratch/xma12127/projects/forks/blueapi/tests/conftest.py:6:32 - error: "TransitionError" is not exported from module "bluesky.run_engine" (reportPrivateImportUsage)
/scratch/xma12127/projects/forks/blueapi/tests/unit_tests/cli/test_scratch.py
  /scratch/xma12127/projects/forks/blueapi/tests/unit_tests/cli/test_scratch.py:17:11 - error: Return type of generator function must be compatible with "Generator[Path, Any, Any]"
    "Generator[Path, Unknown, Unknown]" is not assignable to "Path" (reportReturnType)
  /scratch/xma12127/projects/forks/blueapi/tests/unit_tests/cli/test_scratch.py:26:11 - error: Return type of generator function must be compatible with "Generator[Path, Any, Any]"
    "Generator[Path, Unknown, Unknown]" is not assignable to "Path" (reportReturnType)
/scratch/xma12127/projects/forks/blueapi/tests/unit_tests/core/test_context.py
  /scratch/xma12127/projects/forks/blueapi/tests/unit_tests/core/test_context.py:51:40 - error: Expression of type "str" cannot be assigned to parameter of type "Movable"
    "str" is incompatible with protocol "Movable"
      "set" is not present (reportArgumentType)
  /scratch/xma12127/projects/forks/blueapi/tests/unit_tests/core/test_context.py:59:24 - error: Expression of type "list[str]" cannot be assigned to parameter of type "list[Movable]"
    "list[str]" is not assignable to "list[Movable]"
      Type parameter "_T@list" is invariant, but "str" is not the same as "Movable"
      Consider switching from "list" to "Sequence" which is covariant (reportArgumentType)
/scratch/xma12127/projects/forks/blueapi/tests/unit_tests/service/test_rest_api.py
  /scratch/xma12127/projects/forks/blueapi/tests/unit_tests/service/test_rest_api.py:28:10 - error: Object of type "tuple[_patch_default_new]" cannot be used with "with" because it does not implement __enter__
    Attribute "__enter__" is unknown (reportGeneralTypeIssues)
  /scratch/xma12127/projects/forks/blueapi/tests/unit_tests/service/test_rest_api.py:28:10 - error: Object of type "tuple[_patch_default_new]" cannot be used with "with" because it does not implement __exit__ (reportGeneralTypeIssues)
/scratch/xma12127/projects/forks/blueapi/tests/unit_tests/worker/devices.py
  /scratch/xma12127/projects/forks/blueapi/tests/unit_tests/worker/devices.py:44:16 - error: Type "AdditionalUpdateStatus" is not assignable to return type "Status"
    "AdditionalUpdateStatus" is incompatible with protocol "Status"
      "exception" is an incompatible type
        Type "(timeout: Unknown | None = None) -> (StatusTimeoutError | Exception | type[Exception] | None)" is not assignable to type "(timeout: float | None = 0) -> (BaseException | None)"
          Function return type "StatusTimeoutError | Exception | type[Exception] | None" is incompatible with type "BaseException | None"
      "Status" is not assignable to "AdditionalUpdateStatus"
      "Status" is not assignable to "AdditionalUpdateStatus" (reportReturnType)
34 errors, 3 warnings, 0 informations 